WARNING: A restricted method in java.lang.System has been called
WARNING: java.lang.System::load has been called by net.rubygrapefruit.platform.internal.NativeLibraryLoader in an unnamed module (file:/Users/mohannad/.gradle/wrapper/dists/gradle-9.3.0-bin/79n14ral3mx1ozqr3csh2u872/gradle-9.3.0/lib/native-platform-0.22-milestone-29.jar)
WARNING: Use --enable-native-access=ALL-UNNAMED to avoid a warning for callers in this module
WARNING: Restricted methods will be blocked in a future release unless native access is enabled


> Configure project :app
WARNING: The option setting 'android.usesSdkInManifest.disallowed=false' is deprecated.
The current default is 'true'.
It will be removed in version 10.0 of the Android Gradle plugin.
WARNING: The option setting 'android.sdk.defaultTargetSdkToCompileSdkIfUnset=false' is deprecated.
The current default is 'true'.
It will be removed in version 10.0 of the Android Gradle plugin.
WARNING: The option setting 'android.enableAppCompileTimeRClass=false' is deprecated.
The current default is 'true'.
It will be removed in version 10.0 of the Android Gradle plugin.
WARNING: The option setting 'android.builtInKotlin=false' is deprecated.
The current default is 'true'.
It will be removed in version 10.0 of the Android Gradle plugin.
WARNING: The option setting 'android.newDsl=false' is deprecated.
The current default is 'true'.
It will be removed in version 10.0 of the Android Gradle plugin.
WARNING: The option setting 'android.r8.optimizedResourceShrinking=false' is deprecated.
The current default is 'true'.
It will be removed in version 10.0 of the Android Gradle plugin.
WARNING: The option setting 'android.defaults.buildfeatures.resvalues=true' is deprecated.
The current default is 'false'.
It will be removed in version 10.0 of the Android Gradle plugin.
WARNING: The property android.dependency.excludeLibraryComponentsFromConstraints improves project import performance for very large projects. It should be enabled to improve performance.
To suppress this warning, add android.generateSyncIssueWhenLibraryConstraintsAreEnabled=false to gradle.properties
WARNING: The property android.dependency.excludeLibraryComponentsFromConstraints improves project import performance for very large projects. It should be enabled to improve performance.
To suppress this warning, add android.generateSyncIssueWhenLibraryConstraintsAreEnabled=false to gradle.properties
WARNING: The property android.dependency.excludeLibraryComponentsFromConstraints improves project import performance for very large projects. It should be enabled to improve performance.
To suppress this warning, add android.generateSyncIssueWhenLibraryConstraintsAreEnabled=false to gradle.properties
WARNING: The property android.dependency.excludeLibraryComponentsFromConstraints improves project import performance for very large projects. It should be enabled to improve performance.
To suppress this warning, add android.generateSyncIssueWhenLibraryConstraintsAreEnabled=false to gradle.properties
WARNING: The specified Android SDK Build Tools version (36.0.0-rc1) is ignored, as it is below the minimum supported version (36.0.0) for Android Gradle Plugin 9.0.0.
Android SDK Build Tools 36.0.0 will be used.
To suppress this warning, remove "buildToolsVersion '36.0.0-rc1'" from your build.gradle file, as each version of the Android Gradle Plugin now has a default version of the build tools.

> Task :app:checkKotlinGradlePluginConfigurationErrors SKIPPED
> Task :app:preBuild UP-TO-DATE
> Task :app:preDebugBuild UP-TO-DATE
> Task :app:generateDebugBuildConfig UP-TO-DATE
> Task :app:checkDebugAarMetadata UP-TO-DATE
> Task :app:processDebugNavigationResources UP-TO-DATE
> Task :app:compileDebugNavigationResources UP-TO-DATE
> Task :app:generateDebugResValues UP-TO-DATE
> Task :app:mapDebugSourceSetPaths UP-TO-DATE
> Task :app:generateDebugResources UP-TO-DATE
> Task :app:mergeDebugResources UP-TO-DATE
> Task :app:packageDebugResources UP-TO-DATE
> Task :app:parseDebugLocalResources UP-TO-DATE
> Task :app:createDebugCompatibleScreenManifests UP-TO-DATE
> Task :app:extractDeepLinksDebug UP-TO-DATE
> Task :app:processDebugMainManifest UP-TO-DATE
> Task :app:processDebugManifest UP-TO-DATE
> Task :app:processDebugManifestForPackage UP-TO-DATE
> Task :app:processDebugResources UP-TO-DATE

> Task :app:compileDebugKotlin
e: file:///Users/mohannad/Sidestep/app/src/main/java/com/blankdev/sidestep/UrlCleaner.kt:815:28 Unresolved reference 'path'.
e: file:///Users/mohannad/Sidestep/app/src/main/java/com/blankdev/sidestep/UrlCleaner.kt:827:13 Syntax error: Expecting a top level declaration.
e: file:///Users/mohannad/Sidestep/app/src/main/java/com/blankdev/sidestep/UrlCleaner.kt:827:16 Syntax error: Expecting a top level declaration.
e: file:///Users/mohannad/Sidestep/app/src/main/java/com/blankdev/sidestep/UrlCleaner.kt:827:17 Syntax error: Expecting a top level declaration.
e: file:///Users/mohannad/Sidestep/app/src/main/java/com/blankdev/sidestep/UrlCleaner.kt:827:30 Syntax error: Expecting a top level declaration.
e: file:///Users/mohannad/Sidestep/app/src/main/java/com/blankdev/sidestep/UrlCleaner.kt:827:31 Syntax error: Expecting a top level declaration.
e: file:///Users/mohannad/Sidestep/app/src/main/java/com/blankdev/sidestep/UrlCleaner.kt:827:36 Syntax error: Expecting a top level declaration.
e: file:///Users/mohannad/Sidestep/app/src/main/java/com/blankdev/sidestep/UrlCleaner.kt:827:39 Syntax error: Expecting a top level declaration.
e: file:///Users/mohannad/Sidestep/app/src/main/java/com/blankdev/sidestep/UrlCleaner.kt:827:47 Syntax error: Expecting a top level declaration.
e: file:///Users/mohannad/Sidestep/app/src/main/java/com/blankdev/sidestep/UrlCleaner.kt:827:48 Syntax error: Expecting a top level declaration.
e: file:///Users/mohannad/Sidestep/app/src/main/java/com/blankdev/sidestep/UrlCleaner.kt:827:52 Syntax error: Expecting a top level declaration.
e: file:///Users/mohannad/Sidestep/app/src/main/java/com/blankdev/sidestep/UrlCleaner.kt:827:54 Syntax error: Expecting a top level declaration.
e: file:///Users/mohannad/Sidestep/app/src/main/java/com/blankdev/sidestep/UrlCleaner.kt:827:54 Function declaration must have a name.
e: file:///Users/mohannad/Sidestep/app/src/main/java/com/blankdev/sidestep/UrlCleaner.kt:828:24 Unresolved reference 'url'.
e: file:///Users/mohannad/Sidestep/app/src/main/java/com/blankdev/sidestep/UrlCleaner.kt:832:13 Syntax error: Expecting a top level declaration.
e: file:///Users/mohannad/Sidestep/app/src/main/java/com/blankdev/sidestep/UrlCleaner.kt:832:20 Syntax error: Expecting a top level declaration.
e: file:///Users/mohannad/Sidestep/app/src/main/java/com/blankdev/sidestep/UrlCleaner.kt:832:23 Syntax error: Expecting a top level declaration.
e: file:///Users/mohannad/Sidestep/app/src/main/java/com/blankdev/sidestep/UrlCleaner.kt:832:24 Syntax error: Expecting a top level declaration.
e: file:///Users/mohannad/Sidestep/app/src/main/java/com/blankdev/sidestep/UrlCleaner.kt:832:27 Syntax error: Expecting a top level declaration.
e: file:///Users/mohannad/Sidestep/app/src/main/java/com/blankdev/sidestep/UrlCleaner.kt:832:28 Syntax error: Expecting a top level declaration.
e: file:///Users/mohannad/Sidestep/app/src/main/java/com/blankdev/sidestep/UrlCleaner.kt:832:34 Syntax error: Expecting a top level declaration.
e: file:///Users/mohannad/Sidestep/app/src/main/java/com/blankdev/sidestep/UrlCleaner.kt:832:36 Syntax error: Expecting a top level declaration.
e: file:///Users/mohannad/Sidestep/app/src/main/java/com/blankdev/sidestep/UrlCleaner.kt:832:39 Syntax error: Expecting a top level declaration.
e: file:///Users/mohannad/Sidestep/app/src/main/java/com/blankdev/sidestep/UrlCleaner.kt:832:40 Syntax error: Expecting a top level declaration.
e: file:///Users/mohannad/Sidestep/app/src/main/java/com/blankdev/sidestep/UrlCleaner.kt:832:49 Syntax error: Expecting a top level declaration.
e: file:///Users/mohannad/Sidestep/app/src/main/java/com/blankdev/sidestep/UrlCleaner.kt:832:51 Syntax error: Expecting a top level declaration.
e: file:///Users/mohannad/Sidestep/app/src/main/java/com/blankdev/sidestep/UrlCleaner.kt:832:58 Syntax error: Expecting a top level declaration.
e: file:///Users/mohannad/Sidestep/app/src/main/java/com/blankdev/sidestep/UrlCleaner.kt:832:60 Syntax error: Expecting a top level declaration.
e: file:///Users/mohannad/Sidestep/app/src/main/java/com/blankdev/sidestep/UrlCleaner.kt:832:63 Syntax error: Expecting a top level declaration.
e: file:///Users/mohannad/Sidestep/app/src/main/java/com/blankdev/sidestep/UrlCleaner.kt:832:64 Syntax error: Expecting a top level declaration.
e: file:///Users/mohannad/Sidestep/app/src/main/java/com/blankdev/sidestep/UrlCleaner.kt:832:69 Syntax error: Expecting a top level declaration.
e: file:///Users/mohannad/Sidestep/app/src/main/java/com/blankdev/sidestep/UrlCleaner.kt:832:71 Syntax error: Expecting a top level declaration.
e: file:///Users/mohannad/Sidestep/app/src/main/java/com/blankdev/sidestep/UrlCleaner.kt:832:74 Syntax error: Expecting a top level declaration.
e: file:///Users/mohannad/Sidestep/app/src/main/java/com/blankdev/sidestep/UrlCleaner.kt:832:75 Syntax error: Expecting a top level declaration.
e: file:///Users/mohannad/Sidestep/app/src/main/java/com/blankdev/sidestep/UrlCleaner.kt:832:83 Syntax error: Expecting a top level declaration.
e: file:///Users/mohannad/Sidestep/app/src/main/java/com/blankdev/sidestep/UrlCleaner.kt:832:84 Syntax error: Expecting a top level declaration.
e: file:///Users/mohannad/Sidestep/app/src/main/java/com/blankdev/sidestep/UrlCleaner.kt:832:85 Syntax error: Expecting a top level declaration.
e: file:///Users/mohannad/Sidestep/app/src/main/java/com/blankdev/sidestep/UrlCleaner.kt:832:93 Syntax error: Expecting a top level declaration.
e: file:///Users/mohannad/Sidestep/app/src/main/java/com/blankdev/sidestep/UrlCleaner.kt:832:94 Syntax error: Expecting a top level declaration.
e: file:///Users/mohannad/Sidestep/app/src/main/java/com/blankdev/sidestep/UrlCleaner.kt:833:9 Syntax error: Expecting a top level declaration.
e: file:///Users/mohannad/Sidestep/app/src/main/java/com/blankdev/sidestep/UrlCleaner.kt:833:11 Syntax error: Expecting a top level declaration.
e: file:///Users/mohannad/Sidestep/app/src/main/java/com/blankdev/sidestep/UrlCleaner.kt:833:17 Syntax error: Expecting a top level declaration.
e: file:///Users/mohannad/Sidestep/app/src/main/java/com/blankdev/sidestep/UrlCleaner.kt:833:18 Syntax error: Expecting a top level declaration.
e: file:///Users/mohannad/Sidestep/app/src/main/java/com/blankdev/sidestep/UrlCleaner.kt:833:19 Syntax error: Expecting a top level declaration.
e: file:///Users/mohannad/Sidestep/app/src/main/java/com/blankdev/sidestep/UrlCleaner.kt:833:21 Syntax error: Expecting a top level declaration.
e: file:///Users/mohannad/Sidestep/app/src/main/java/com/blankdev/sidestep/UrlCleaner.kt:833:39 Syntax error: Expecting a top level declaration.
e: file:///Users/mohannad/Sidestep/app/src/main/java/com/blankdev/sidestep/UrlCleaner.kt:833:41 Syntax error: Expecting a top level declaration.
e: file:///Users/mohannad/Sidestep/app/src/main/java/com/blankdev/sidestep/UrlCleaner.kt:833:41 Function declaration must have a name.
e: file:///Users/mohannad/Sidestep/app/src/main/java/com/blankdev/sidestep/UrlCleaner.kt:834:57 Unresolved reference 'url'.
e: file:///Users/mohannad/Sidestep/app/src/main/java/com/blankdev/sidestep/UrlCleaner.kt:834:63 Unresolved reference 'e'.
e: file:///Users/mohannad/Sidestep/app/src/main/java/com/blankdev/sidestep/UrlCleaner.kt:835:20 Unresolved reference 'url'.
e: file:///Users/mohannad/Sidestep/app/src/main/java/com/blankdev/sidestep/UrlCleaner.kt:837:5 Syntax error: Expecting a top level declaration.
e: file:///Users/mohannad/Sidestep/app/src/main/java/com/blankdev/sidestep/UrlCleaner.kt:840:1 Syntax error: Expecting a top level declaration.
e: file:///Users/mohannad/Sidestep/app/src/main/java/com/blankdev/sidestep/WebViewActivity.kt:72:33 Unresolved reference 'toUri'.
e: file:///Users/mohannad/Sidestep/app/src/main/java/com/blankdev/sidestep/WebViewActivity.kt:145:67 Unresolved reference 'toUri'.

> Task :app:compileDebugKotlin FAILED

FAILURE: Build failed with an exception.

* What went wrong:
Execution failed for task ':app:compileDebugKotlin'.
> A failure occurred while executing org.jetbrains.kotlin.compilerRunner.GradleCompilerRunnerWithWorkers$GradleKotlinCompilerWorkAction
   > Compilation error. See log for more details

* Try:
> Run with --stacktrace option to get the stack trace.
> Run with --info or --debug option to get more log output.
> Run with --scan to get full insights from a Build Scan (powered by Develocity).
> Get more help at https://help.gradle.org.

BUILD FAILED in 6s
17 actionable tasks: 1 executed, 16 up-to-date
